../Core/Src/main.c:73:6:debugPrintln	24	static
../Core/Src/main.c:91:6:microDelay	16	static
../Core/Src/main.c:97:9:DHT11_Start	40	static
../Core/Src/main.c:128:9:DHT11_Read	16	static
../Core/Src/main.c:159:5:main	152	static
../Core/Src/main.c:324:6:SystemClock_Config	80	static
../Core/Src/main.c:365:13:MX_ADC_Init	24	static
../Core/Src/main.c:419:13:MX_I2C2_Init	8	static
../Core/Src/main.c:467:13:MX_TIM1_Init	32	static
../Core/Src/main.c:513:13:MX_USART2_UART_Init	8	static
../Core/Src/main.c:549:13:MX_GPIO_Init	48	static
../Core/Src/main.c:600:6:Error_Handler	8	static,ignoring_inline_asm
